[0.044s] DEBUG:colcon:Command line arguments: ['/usr/bin/colcon', 'build']
[0.044s] DEBUG:colcon:Parsed command line arguments: Namespace(log_base=None, log_level=None, verb_name='build', build_base='build', install_base='install', merge_install=False, symlink_install=False, test_result_base=None, continue_on_error=False, executor='parallel', parallel_workers=32, event_handlers=None, ignore_user_meta=False, metas=['./colcon.meta'], base_paths=['.'], packages_ignore=None, packages_ignore_regex=None, paths=None, packages_up_to=None, packages_up_to_regex=None, packages_above=None, packages_above_and_dependencies=None, packages_above_depth=None, packages_select_by_dep=None, packages_skip_by_dep=None, packages_skip_up_to=None, packages_select_build_failed=False, packages_skip_build_finished=False, packages_select_test_failures=False, packages_skip_test_passed=False, packages_select=None, packages_skip=None, packages_select_regex=None, packages_skip_regex=None, packages_start=None, packages_end=None, allow_overriding=[], cmake_args=None, cmake_target=None, cmake_target_skip_unavailable=False, cmake_clean_cache=False, cmake_clean_first=False, cmake_force_configure=False, ament_cmake_args=None, catkin_cmake_args=None, catkin_skip_building_tests=False, mixin_files=None, mixin=None, verb_parser=<colcon_mixin.mixin.mixin_argument.MixinArgumentDecorator object at 0x7ed8b70a8c20>, verb_extension=<colcon_core.verb.build.BuildVerb object at 0x7ed8b70a8950>, main=<bound method BuildVerb.main of <colcon_core.verb.build.BuildVerb object at 0x7ed8b70a8950>>, mixin_verb=('build',))
[0.060s] Level 1:colcon.colcon_core.package_discovery:discover_packages(colcon_meta) check parameters
[0.060s] Level 1:colcon.colcon_core.package_discovery:discover_packages(recursive) check parameters
[0.060s] Level 1:colcon.colcon_core.package_discovery:discover_packages(ignore) check parameters
[0.060s] Level 1:colcon.colcon_core.package_discovery:discover_packages(path) check parameters
[0.060s] Level 1:colcon.colcon_core.package_discovery:discover_packages(colcon_meta) discover
[0.060s] Level 1:colcon.colcon_core.package_discovery:discover_packages(recursive) discover
[0.060s] INFO:colcon.colcon_core.package_discovery:Crawling recursively for packages in '/home/mike/autonomous-fleet-testbed'
[0.060s] Level 1:colcon.colcon_core.package_identification:_identify(.) by extensions ['ignore', 'ignore_ament_install']
[0.060s] Level 1:colcon.colcon_core.package_identification:_identify(.) by extension 'ignore'
[0.060s] Level 1:colcon.colcon_core.package_identification:_identify(.) by extension 'ignore_ament_install'
[0.060s] Level 1:colcon.colcon_core.package_identification:_identify(.) by extensions ['colcon_pkg']
[0.060s] Level 1:colcon.colcon_core.package_identification:_identify(.) by extension 'colcon_pkg'
[0.060s] Level 1:colcon.colcon_core.package_identification:_identify(.) by extensions ['colcon_meta']
[0.060s] Level 1:colcon.colcon_core.package_identification:_identify(.) by extension 'colcon_meta'
[0.060s] Level 1:colcon.colcon_core.package_identification:_identify(.) by extensions ['ros']
[0.060s] Level 1:colcon.colcon_core.package_identification:_identify(.) by extension 'ros'
[0.071s] Level 1:colcon.colcon_core.package_identification:_identify(.) by extensions ['cmake', 'python']
[0.071s] Level 1:colcon.colcon_core.package_identification:_identify(.) by extension 'cmake'
[0.071s] Level 1:colcon.colcon_core.package_identification:_identify(.) by extension 'python'
[0.071s] Level 1:colcon.colcon_core.package_identification:_identify(.) by extensions ['python_setup_py']
[0.071s] Level 1:colcon.colcon_core.package_identification:_identify(.) by extension 'python_setup_py'
[0.071s] Level 1:colcon.colcon_core.package_identification:_identify(build) by extensions ['ignore', 'ignore_ament_install']
[0.071s] Level 1:colcon.colcon_core.package_identification:_identify(build) by extension 'ignore'
[0.071s] Level 1:colcon.colcon_core.package_identification:_identify(build) ignored
[0.071s] Level 1:colcon.colcon_core.package_identification:_identify(config) by extensions ['ignore', 'ignore_ament_install']
[0.071s] Level 1:colcon.colcon_core.package_identification:_identify(config) by extension 'ignore'
[0.071s] Level 1:colcon.colcon_core.package_identification:_identify(config) by extension 'ignore_ament_install'
[0.071s] Level 1:colcon.colcon_core.package_identification:_identify(config) by extensions ['colcon_pkg']
[0.071s] Level 1:colcon.colcon_core.package_identification:_identify(config) by extension 'colcon_pkg'
[0.071s] Level 1:colcon.colcon_core.package_identification:_identify(config) by extensions ['colcon_meta']
[0.071s] Level 1:colcon.colcon_core.package_identification:_identify(config) by extension 'colcon_meta'
[0.071s] Level 1:colcon.colcon_core.package_identification:_identify(config) by extensions ['ros']
[0.071s] Level 1:colcon.colcon_core.package_identification:_identify(config) by extension 'ros'
[0.071s] Level 1:colcon.colcon_core.package_identification:_identify(config) by extensions ['cmake', 'python']
[0.071s] Level 1:colcon.colcon_core.package_identification:_identify(config) by extension 'cmake'
[0.071s] Level 1:colcon.colcon_core.package_identification:_identify(config) by extension 'python'
[0.071s] Level 1:colcon.colcon_core.package_identification:_identify(config) by extensions ['python_setup_py']
[0.071s] Level 1:colcon.colcon_core.package_identification:_identify(config) by extension 'python_setup_py'
[0.071s] Level 1:colcon.colcon_core.package_identification:_identify(dashboard) by extensions ['ignore', 'ignore_ament_install']
[0.071s] Level 1:colcon.colcon_core.package_identification:_identify(dashboard) by extension 'ignore'
[0.071s] Level 1:colcon.colcon_core.package_identification:_identify(dashboard) by extension 'ignore_ament_install'
[0.071s] Level 1:colcon.colcon_core.package_identification:_identify(dashboard) by extensions ['colcon_pkg']
[0.071s] Level 1:colcon.colcon_core.package_identification:_identify(dashboard) by extension 'colcon_pkg'
[0.071s] Level 1:colcon.colcon_core.package_identification:_identify(dashboard) by extensions ['colcon_meta']
[0.071s] Level 1:colcon.colcon_core.package_identification:_identify(dashboard) by extension 'colcon_meta'
[0.071s] Level 1:colcon.colcon_core.package_identification:_identify(dashboard) by extensions ['ros']
[0.071s] Level 1:colcon.colcon_core.package_identification:_identify(dashboard) by extension 'ros'
[0.071s] Level 1:colcon.colcon_core.package_identification:_identify(dashboard) by extensions ['cmake', 'python']
[0.071s] Level 1:colcon.colcon_core.package_identification:_identify(dashboard) by extension 'cmake'
[0.071s] Level 1:colcon.colcon_core.package_identification:_identify(dashboard) by extension 'python'
[0.072s] Level 1:colcon.colcon_core.package_identification:_identify(dashboard) by extensions ['python_setup_py']
[0.072s] Level 1:colcon.colcon_core.package_identification:_identify(dashboard) by extension 'python_setup_py'
[0.072s] Level 1:colcon.colcon_core.package_identification:_identify(docs) by extensions ['ignore', 'ignore_ament_install']
[0.072s] Level 1:colcon.colcon_core.package_identification:_identify(docs) by extension 'ignore'
[0.072s] Level 1:colcon.colcon_core.package_identification:_identify(docs) by extension 'ignore_ament_install'
[0.072s] Level 1:colcon.colcon_core.package_identification:_identify(docs) by extensions ['colcon_pkg']
[0.072s] Level 1:colcon.colcon_core.package_identification:_identify(docs) by extension 'colcon_pkg'
[0.072s] Level 1:colcon.colcon_core.package_identification:_identify(docs) by extensions ['colcon_meta']
[0.072s] Level 1:colcon.colcon_core.package_identification:_identify(docs) by extension 'colcon_meta'
[0.072s] Level 1:colcon.colcon_core.package_identification:_identify(docs) by extensions ['ros']
[0.072s] Level 1:colcon.colcon_core.package_identification:_identify(docs) by extension 'ros'
[0.072s] Level 1:colcon.colcon_core.package_identification:_identify(docs) by extensions ['cmake', 'python']
[0.072s] Level 1:colcon.colcon_core.package_identification:_identify(docs) by extension 'cmake'
[0.072s] Level 1:colcon.colcon_core.package_identification:_identify(docs) by extension 'python'
[0.072s] Level 1:colcon.colcon_core.package_identification:_identify(docs) by extensions ['python_setup_py']
[0.072s] Level 1:colcon.colcon_core.package_identification:_identify(docs) by extension 'python_setup_py'
[0.072s] Level 1:colcon.colcon_core.package_identification:_identify(install) by extensions ['ignore', 'ignore_ament_install']
[0.072s] Level 1:colcon.colcon_core.package_identification:_identify(install) by extension 'ignore'
[0.072s] Level 1:colcon.colcon_core.package_identification:_identify(install) ignored
[0.072s] Level 1:colcon.colcon_core.package_identification:_identify(log) by extensions ['ignore', 'ignore_ament_install']
[0.072s] Level 1:colcon.colcon_core.package_identification:_identify(log) by extension 'ignore'
[0.072s] Level 1:colcon.colcon_core.package_identification:_identify(log) ignored
[0.072s] Level 1:colcon.colcon_core.package_identification:_identify(maps) by extensions ['ignore', 'ignore_ament_install']
[0.072s] Level 1:colcon.colcon_core.package_identification:_identify(maps) by extension 'ignore'
[0.072s] Level 1:colcon.colcon_core.package_identification:_identify(maps) by extension 'ignore_ament_install'
[0.072s] Level 1:colcon.colcon_core.package_identification:_identify(maps) by extensions ['colcon_pkg']
[0.072s] Level 1:colcon.colcon_core.package_identification:_identify(maps) by extension 'colcon_pkg'
[0.072s] Level 1:colcon.colcon_core.package_identification:_identify(maps) by extensions ['colcon_meta']
[0.072s] Level 1:colcon.colcon_core.package_identification:_identify(maps) by extension 'colcon_meta'
[0.072s] Level 1:colcon.colcon_core.package_identification:_identify(maps) by extensions ['ros']
[0.072s] Level 1:colcon.colcon_core.package_identification:_identify(maps) by extension 'ros'
[0.072s] Level 1:colcon.colcon_core.package_identification:_identify(maps) by extensions ['cmake', 'python']
[0.072s] Level 1:colcon.colcon_core.package_identification:_identify(maps) by extension 'cmake'
[0.072s] Level 1:colcon.colcon_core.package_identification:_identify(maps) by extension 'python'
[0.072s] Level 1:colcon.colcon_core.package_identification:_identify(maps) by extensions ['python_setup_py']
[0.072s] Level 1:colcon.colcon_core.package_identification:_identify(maps) by extension 'python_setup_py'
[0.072s] Level 1:colcon.colcon_core.package_identification:_identify(reports) by extensions ['ignore', 'ignore_ament_install']
[0.072s] Level 1:colcon.colcon_core.package_identification:_identify(reports) by extension 'ignore'
[0.072s] Level 1:colcon.colcon_core.package_identification:_identify(reports) by extension 'ignore_ament_install'
[0.072s] Level 1:colcon.colcon_core.package_identification:_identify(reports) by extensions ['colcon_pkg']
[0.072s] Level 1:colcon.colcon_core.package_identification:_identify(reports) by extension 'colcon_pkg'
[0.072s] Level 1:colcon.colcon_core.package_identification:_identify(reports) by extensions ['colcon_meta']
[0.072s] Level 1:colcon.colcon_core.package_identification:_identify(reports) by extension 'colcon_meta'
[0.072s] Level 1:colcon.colcon_core.package_identification:_identify(reports) by extensions ['ros']
[0.072s] Level 1:colcon.colcon_core.package_identification:_identify(reports) by extension 'ros'
[0.072s] Level 1:colcon.colcon_core.package_identification:_identify(reports) by extensions ['cmake', 'python']
[0.072s] Level 1:colcon.colcon_core.package_identification:_identify(reports) by extension 'cmake'
[0.072s] Level 1:colcon.colcon_core.package_identification:_identify(reports) by extension 'python'
[0.072s] Level 1:colcon.colcon_core.package_identification:_identify(reports) by extensions ['python_setup_py']
[0.072s] Level 1:colcon.colcon_core.package_identification:_identify(reports) by extension 'python_setup_py'
[0.072s] Level 1:colcon.colcon_core.package_identification:_identify(reports/history) by extensions ['ignore', 'ignore_ament_install']
[0.072s] Level 1:colcon.colcon_core.package_identification:_identify(reports/history) by extension 'ignore'
[0.072s] Level 1:colcon.colcon_core.package_identification:_identify(reports/history) by extension 'ignore_ament_install'
[0.072s] Level 1:colcon.colcon_core.package_identification:_identify(reports/history) by extensions ['colcon_pkg']
[0.072s] Level 1:colcon.colcon_core.package_identification:_identify(reports/history) by extension 'colcon_pkg'
[0.072s] Level 1:colcon.colcon_core.package_identification:_identify(reports/history) by extensions ['colcon_meta']
[0.072s] Level 1:colcon.colcon_core.package_identification:_identify(reports/history) by extension 'colcon_meta'
[0.072s] Level 1:colcon.colcon_core.package_identification:_identify(reports/history) by extensions ['ros']
[0.072s] Level 1:colcon.colcon_core.package_identification:_identify(reports/history) by extension 'ros'
[0.072s] Level 1:colcon.colcon_core.package_identification:_identify(reports/history) by extensions ['cmake', 'python']
[0.072s] Level 1:colcon.colcon_core.package_identification:_identify(reports/history) by extension 'cmake'
[0.072s] Level 1:colcon.colcon_core.package_identification:_identify(reports/history) by extension 'python'
[0.073s] Level 1:colcon.colcon_core.package_identification:_identify(reports/history) by extensions ['python_setup_py']
[0.073s] Level 1:colcon.colcon_core.package_identification:_identify(reports/history) by extension 'python_setup_py'
[0.073s] Level 1:colcon.colcon_core.package_identification:_identify(requirements) by extensions ['ignore', 'ignore_ament_install']
[0.073s] Level 1:colcon.colcon_core.package_identification:_identify(requirements) by extension 'ignore'
[0.073s] Level 1:colcon.colcon_core.package_identification:_identify(requirements) by extension 'ignore_ament_install'
[0.073s] Level 1:colcon.colcon_core.package_identification:_identify(requirements) by extensions ['colcon_pkg']
[0.073s] Level 1:colcon.colcon_core.package_identification:_identify(requirements) by extension 'colcon_pkg'
[0.073s] Level 1:colcon.colcon_core.package_identification:_identify(requirements) by extensions ['colcon_meta']
[0.073s] Level 1:colcon.colcon_core.package_identification:_identify(requirements) by extension 'colcon_meta'
[0.073s] Level 1:colcon.colcon_core.package_identification:_identify(requirements) by extensions ['ros']
[0.073s] Level 1:colcon.colcon_core.package_identification:_identify(requirements) by extension 'ros'
[0.073s] Level 1:colcon.colcon_core.package_identification:_identify(requirements) by extensions ['cmake', 'python']
[0.073s] Level 1:colcon.colcon_core.package_identification:_identify(requirements) by extension 'cmake'
[0.073s] Level 1:colcon.colcon_core.package_identification:_identify(requirements) by extension 'python'
[0.073s] Level 1:colcon.colcon_core.package_identification:_identify(requirements) by extensions ['python_setup_py']
[0.073s] Level 1:colcon.colcon_core.package_identification:_identify(requirements) by extension 'python_setup_py'
[0.073s] Level 1:colcon.colcon_core.package_identification:_identify(robot_profiles) by extensions ['ignore', 'ignore_ament_install']
[0.073s] Level 1:colcon.colcon_core.package_identification:_identify(robot_profiles) by extension 'ignore'
[0.073s] Level 1:colcon.colcon_core.package_identification:_identify(robot_profiles) by extension 'ignore_ament_install'
[0.073s] Level 1:colcon.colcon_core.package_identification:_identify(robot_profiles) by extensions ['colcon_pkg']
[0.073s] Level 1:colcon.colcon_core.package_identification:_identify(robot_profiles) by extension 'colcon_pkg'
[0.073s] Level 1:colcon.colcon_core.package_identification:_identify(robot_profiles) by extensions ['colcon_meta']
[0.073s] Level 1:colcon.colcon_core.package_identification:_identify(robot_profiles) by extension 'colcon_meta'
[0.073s] Level 1:colcon.colcon_core.package_identification:_identify(robot_profiles) by extensions ['ros']
[0.073s] Level 1:colcon.colcon_core.package_identification:_identify(robot_profiles) by extension 'ros'
[0.073s] Level 1:colcon.colcon_core.package_identification:_identify(robot_profiles) by extensions ['cmake', 'python']
[0.073s] Level 1:colcon.colcon_core.package_identification:_identify(robot_profiles) by extension 'cmake'
[0.073s] Level 1:colcon.colcon_core.package_identification:_identify(robot_profiles) by extension 'python'
[0.073s] Level 1:colcon.colcon_core.package_identification:_identify(robot_profiles) by extensions ['python_setup_py']
[0.073s] Level 1:colcon.colcon_core.package_identification:_identify(robot_profiles) by extension 'python_setup_py'
[0.073s] Level 1:colcon.colcon_core.package_identification:_identify(src) by extensions ['ignore', 'ignore_ament_install']
[0.073s] Level 1:colcon.colcon_core.package_identification:_identify(src) by extension 'ignore'
[0.073s] Level 1:colcon.colcon_core.package_identification:_identify(src) by extension 'ignore_ament_install'
[0.073s] Level 1:colcon.colcon_core.package_identification:_identify(src) by extensions ['colcon_pkg']
[0.073s] Level 1:colcon.colcon_core.package_identification:_identify(src) by extension 'colcon_pkg'
[0.073s] Level 1:colcon.colcon_core.package_identification:_identify(src) by extensions ['colcon_meta']
[0.073s] Level 1:colcon.colcon_core.package_identification:_identify(src) by extension 'colcon_meta'
[0.073s] Level 1:colcon.colcon_core.package_identification:_identify(src) by extensions ['ros']
[0.073s] Level 1:colcon.colcon_core.package_identification:_identify(src) by extension 'ros'
[0.073s] Level 1:colcon.colcon_core.package_identification:_identify(src) by extensions ['cmake', 'python']
[0.073s] Level 1:colcon.colcon_core.package_identification:_identify(src) by extension 'cmake'
[0.073s] Level 1:colcon.colcon_core.package_identification:_identify(src) by extension 'python'
[0.073s] Level 1:colcon.colcon_core.package_identification:_identify(src) by extensions ['python_setup_py']
[0.073s] Level 1:colcon.colcon_core.package_identification:_identify(src) by extension 'python_setup_py'
[0.073s] Level 1:colcon.colcon_core.package_identification:_identify(src/nav_fleet) by extensions ['ignore', 'ignore_ament_install']
[0.073s] Level 1:colcon.colcon_core.package_identification:_identify(src/nav_fleet) by extension 'ignore'
[0.073s] Level 1:colcon.colcon_core.package_identification:_identify(src/nav_fleet) by extension 'ignore_ament_install'
[0.073s] Level 1:colcon.colcon_core.package_identification:_identify(src/nav_fleet) by extensions ['colcon_pkg']
[0.073s] Level 1:colcon.colcon_core.package_identification:_identify(src/nav_fleet) by extension 'colcon_pkg'
[0.073s] Level 1:colcon.colcon_core.package_identification:_identify(src/nav_fleet) by extensions ['colcon_meta']
[0.073s] Level 1:colcon.colcon_core.package_identification:_identify(src/nav_fleet) by extension 'colcon_meta'
[0.073s] Level 1:colcon.colcon_core.package_identification:_identify(src/nav_fleet) by extensions ['ros']
[0.073s] Level 1:colcon.colcon_core.package_identification:_identify(src/nav_fleet) by extension 'ros'
[0.074s] DEBUG:colcon.colcon_core.package_identification:Failed to parse potential ROS package manifest in'src/nav_fleet': Error(s) in package 'src/nav_fleet/package.xml':
The manifest contains invalid XML:
XML or text declaration not at start of entity: line 1, column 2
[0.074s] Level 1:colcon.colcon_core.package_identification:_identify(src/nav_fleet) by extensions ['cmake', 'python']
[0.074s] Level 1:colcon.colcon_core.package_identification:_identify(src/nav_fleet) by extension 'cmake'
[0.074s] Level 1:colcon.colcon_core.package_identification:_identify(src/nav_fleet) by extension 'python'
[0.074s] DEBUG:colcon.colcon_core.package_identification:Python package in 'src/nav_fleet' passes arguments to the setup() function which requires a different identification extension than 'python'
[0.074s] Level 1:colcon.colcon_core.package_identification:_identify(src/nav_fleet) by extensions ['python_setup_py']
[0.074s] Level 1:colcon.colcon_core.package_identification:_identify(src/nav_fleet) by extension 'python_setup_py'
[0.146s] ERROR:colcon.colcon_core.package_identification:Exception in package identification extension 'python_setup_py' in 'src/nav_fleet': Command '['/usr/bin/python3', '-c', 'import sys;from contextlib import suppress;exec("with suppress(ImportError):    from setuptools.extern.packaging.specifiers    import SpecifierSet");exec("with suppress(ImportError):    from packaging.specifiers import SpecifierSet");from distutils.core import run_setup;dist = run_setup(    \'setup.py\', script_args=(\'--dry-run\',), stop_after=\'config\');skip_keys = (\'cmdclass\', \'distclass\', \'ext_modules\', \'metadata\');data = {    key: value for key, value in dist.__dict__.items()     if (        not key.startswith(\'_\') and         not callable(value) and         key not in skip_keys and         key not in dist.display_option_names    )};data[\'metadata\'] = {    k: v for k, v in dist.metadata.__dict__.items()     if k not in (\'license_files\', \'provides_extras\')};sys.stdout.buffer.write(repr(data).encode(\'utf-8\'))']' returned non-zero exit status 1.
Traceback (most recent call last):
  File "/usr/lib/python3/dist-packages/colcon_core/package_identification/__init__.py", line 144, in _identify
    retval = extension.identify(_reused_descriptor_instance)
             ^^^^^^^^^^^^^^^^^^^^^^^^^^^^^^^^^^^^^^^^^^^^^^^
  File "/usr/lib/python3/dist-packages/colcon_python_setup_py/package_identification/python_setup_py.py", line 48, in identify
    config = get_setup_information(setup_py)
             ^^^^^^^^^^^^^^^^^^^^^^^^^^^^^^^
  File "/usr/lib/python3/dist-packages/colcon_python_setup_py/package_identification/python_setup_py.py", line 249, in get_setup_information
    _setup_information_cache[hashable_env] = _get_setup_information(
                                             ^^^^^^^^^^^^^^^^^^^^^^^
  File "/usr/lib/python3/dist-packages/colcon_python_setup_py/package_identification/python_setup_py.py", line 296, in _get_setup_information
    result = subprocess.run(
             ^^^^^^^^^^^^^^^
  File "/usr/lib/python3.12/subprocess.py", line 571, in run
    raise CalledProcessError(retcode, process.args,
subprocess.CalledProcessError: Command '['/usr/bin/python3', '-c', 'import sys;from contextlib import suppress;exec("with suppress(ImportError):    from setuptools.extern.packaging.specifiers    import SpecifierSet");exec("with suppress(ImportError):    from packaging.specifiers import SpecifierSet");from distutils.core import run_setup;dist = run_setup(    \'setup.py\', script_args=(\'--dry-run\',), stop_after=\'config\');skip_keys = (\'cmdclass\', \'distclass\', \'ext_modules\', \'metadata\');data = {    key: value for key, value in dist.__dict__.items()     if (        not key.startswith(\'_\') and         not callable(value) and         key not in skip_keys and         key not in dist.display_option_names    )};data[\'metadata\'] = {    k: v for k, v in dist.metadata.__dict__.items()     if k not in (\'license_files\', \'provides_extras\')};sys.stdout.buffer.write(repr(data).encode(\'utf-8\'))']' returned non-zero exit status 1.

[0.146s] Level 1:colcon.colcon_core.package_identification:_identify(src/nav_fleet/nav_fleet) by extensions ['ignore', 'ignore_ament_install']
[0.146s] Level 1:colcon.colcon_core.package_identification:_identify(src/nav_fleet/nav_fleet) by extension 'ignore'
[0.146s] Level 1:colcon.colcon_core.package_identification:_identify(src/nav_fleet/nav_fleet) by extension 'ignore_ament_install'
[0.146s] Level 1:colcon.colcon_core.package_identification:_identify(src/nav_fleet/nav_fleet) by extensions ['colcon_pkg']
[0.146s] Level 1:colcon.colcon_core.package_identification:_identify(src/nav_fleet/nav_fleet) by extension 'colcon_pkg'
[0.146s] Level 1:colcon.colcon_core.package_identification:_identify(src/nav_fleet/nav_fleet) by extensions ['colcon_meta']
[0.146s] Level 1:colcon.colcon_core.package_identification:_identify(src/nav_fleet/nav_fleet) by extension 'colcon_meta'
[0.146s] Level 1:colcon.colcon_core.package_identification:_identify(src/nav_fleet/nav_fleet) by extensions ['ros']
[0.146s] Level 1:colcon.colcon_core.package_identification:_identify(src/nav_fleet/nav_fleet) by extension 'ros'
[0.146s] Level 1:colcon.colcon_core.package_identification:_identify(src/nav_fleet/nav_fleet) by extensions ['cmake', 'python']
[0.146s] Level 1:colcon.colcon_core.package_identification:_identify(src/nav_fleet/nav_fleet) by extension 'cmake'
[0.146s] Level 1:colcon.colcon_core.package_identification:_identify(src/nav_fleet/nav_fleet) by extension 'python'
[0.146s] Level 1:colcon.colcon_core.package_identification:_identify(src/nav_fleet/nav_fleet) by extensions ['python_setup_py']
[0.146s] Level 1:colcon.colcon_core.package_identification:_identify(src/nav_fleet/nav_fleet) by extension 'python_setup_py'
[0.146s] Level 1:colcon.colcon_core.package_identification:_identify(src/nav_fleet/resource) by extensions ['ignore', 'ignore_ament_install']
[0.146s] Level 1:colcon.colcon_core.package_identification:_identify(src/nav_fleet/resource) by extension 'ignore'
[0.146s] Level 1:colcon.colcon_core.package_identification:_identify(src/nav_fleet/resource) by extension 'ignore_ament_install'
[0.146s] Level 1:colcon.colcon_core.package_identification:_identify(src/nav_fleet/resource) by extensions ['colcon_pkg']
[0.146s] Level 1:colcon.colcon_core.package_identification:_identify(src/nav_fleet/resource) by extension 'colcon_pkg'
[0.146s] Level 1:colcon.colcon_core.package_identification:_identify(src/nav_fleet/resource) by extensions ['colcon_meta']
[0.146s] Level 1:colcon.colcon_core.package_identification:_identify(src/nav_fleet/resource) by extension 'colcon_meta'
[0.146s] Level 1:colcon.colcon_core.package_identification:_identify(src/nav_fleet/resource) by extensions ['ros']
[0.146s] Level 1:colcon.colcon_core.package_identification:_identify(src/nav_fleet/resource) by extension 'ros'
[0.146s] Level 1:colcon.colcon_core.package_identification:_identify(src/nav_fleet/resource) by extensions ['cmake', 'python']
[0.146s] Level 1:colcon.colcon_core.package_identification:_identify(src/nav_fleet/resource) by extension 'cmake'
[0.146s] Level 1:colcon.colcon_core.package_identification:_identify(src/nav_fleet/resource) by extension 'python'
[0.146s] Level 1:colcon.colcon_core.package_identification:_identify(src/nav_fleet/resource) by extensions ['python_setup_py']
[0.146s] Level 1:colcon.colcon_core.package_identification:_identify(src/nav_fleet/resource) by extension 'python_setup_py'
[0.146s] Level 1:colcon.colcon_core.package_identification:_identify(src/nav_fleet/test) by extensions ['ignore', 'ignore_ament_install']
[0.146s] Level 1:colcon.colcon_core.package_identification:_identify(src/nav_fleet/test) by extension 'ignore'
[0.146s] Level 1:colcon.colcon_core.package_identification:_identify(src/nav_fleet/test) by extension 'ignore_ament_install'
[0.146s] Level 1:colcon.colcon_core.package_identification:_identify(src/nav_fleet/test) by extensions ['colcon_pkg']
[0.146s] Level 1:colcon.colcon_core.package_identification:_identify(src/nav_fleet/test) by extension 'colcon_pkg'
[0.146s] Level 1:colcon.colcon_core.package_identification:_identify(src/nav_fleet/test) by extensions ['colcon_meta']
[0.146s] Level 1:colcon.colcon_core.package_identification:_identify(src/nav_fleet/test) by extension 'colcon_meta'
[0.146s] Level 1:colcon.colcon_core.package_identification:_identify(src/nav_fleet/test) by extensions ['ros']
[0.146s] Level 1:colcon.colcon_core.package_identification:_identify(src/nav_fleet/test) by extension 'ros'
[0.146s] Level 1:colcon.colcon_core.package_identification:_identify(src/nav_fleet/test) by extensions ['cmake', 'python']
[0.146s] Level 1:colcon.colcon_core.package_identification:_identify(src/nav_fleet/test) by extension 'cmake'
[0.147s] Level 1:colcon.colcon_core.package_identification:_identify(src/nav_fleet/test) by extension 'python'
[0.147s] Level 1:colcon.colcon_core.package_identification:_identify(src/nav_fleet/test) by extensions ['python_setup_py']
[0.147s] Level 1:colcon.colcon_core.package_identification:_identify(src/nav_fleet/test) by extension 'python_setup_py'
[0.147s] Level 1:colcon.colcon_core.package_identification:_identify(tests) by extensions ['ignore', 'ignore_ament_install']
[0.147s] Level 1:colcon.colcon_core.package_identification:_identify(tests) by extension 'ignore'
[0.147s] Level 1:colcon.colcon_core.package_identification:_identify(tests) by extension 'ignore_ament_install'
[0.147s] Level 1:colcon.colcon_core.package_identification:_identify(tests) by extensions ['colcon_pkg']
[0.147s] Level 1:colcon.colcon_core.package_identification:_identify(tests) by extension 'colcon_pkg'
[0.147s] Level 1:colcon.colcon_core.package_identification:_identify(tests) by extensions ['colcon_meta']
[0.147s] Level 1:colcon.colcon_core.package_identification:_identify(tests) by extension 'colcon_meta'
[0.147s] Level 1:colcon.colcon_core.package_identification:_identify(tests) by extensions ['ros']
[0.147s] Level 1:colcon.colcon_core.package_identification:_identify(tests) by extension 'ros'
[0.147s] Level 1:colcon.colcon_core.package_identification:_identify(tests) by extensions ['cmake', 'python']
[0.147s] Level 1:colcon.colcon_core.package_identification:_identify(tests) by extension 'cmake'
[0.147s] Level 1:colcon.colcon_core.package_identification:_identify(tests) by extension 'python'
[0.147s] Level 1:colcon.colcon_core.package_identification:_identify(tests) by extensions ['python_setup_py']
[0.147s] Level 1:colcon.colcon_core.package_identification:_identify(tests) by extension 'python_setup_py'
[0.147s] Level 1:colcon.colcon_core.package_identification:_identify(tools) by extensions ['ignore', 'ignore_ament_install']
[0.147s] Level 1:colcon.colcon_core.package_identification:_identify(tools) by extension 'ignore'
[0.147s] Level 1:colcon.colcon_core.package_identification:_identify(tools) by extension 'ignore_ament_install'
[0.147s] Level 1:colcon.colcon_core.package_identification:_identify(tools) by extensions ['colcon_pkg']
[0.147s] Level 1:colcon.colcon_core.package_identification:_identify(tools) by extension 'colcon_pkg'
[0.147s] Level 1:colcon.colcon_core.package_identification:_identify(tools) by extensions ['colcon_meta']
[0.147s] Level 1:colcon.colcon_core.package_identification:_identify(tools) by extension 'colcon_meta'
[0.147s] Level 1:colcon.colcon_core.package_identification:_identify(tools) by extensions ['ros']
[0.147s] Level 1:colcon.colcon_core.package_identification:_identify(tools) by extension 'ros'
[0.147s] Level 1:colcon.colcon_core.package_identification:_identify(tools) by extensions ['cmake', 'python']
[0.147s] Level 1:colcon.colcon_core.package_identification:_identify(tools) by extension 'cmake'
[0.147s] Level 1:colcon.colcon_core.package_identification:_identify(tools) by extension 'python'
[0.147s] Level 1:colcon.colcon_core.package_identification:_identify(tools) by extensions ['python_setup_py']
[0.147s] Level 1:colcon.colcon_core.package_identification:_identify(tools) by extension 'python_setup_py'
[0.147s] Level 1:colcon.colcon_core.package_identification:_identify(urdf) by extensions ['ignore', 'ignore_ament_install']
[0.147s] Level 1:colcon.colcon_core.package_identification:_identify(urdf) by extension 'ignore'
[0.147s] Level 1:colcon.colcon_core.package_identification:_identify(urdf) by extension 'ignore_ament_install'
[0.147s] Level 1:colcon.colcon_core.package_identification:_identify(urdf) by extensions ['colcon_pkg']
[0.147s] Level 1:colcon.colcon_core.package_identification:_identify(urdf) by extension 'colcon_pkg'
[0.147s] Level 1:colcon.colcon_core.package_identification:_identify(urdf) by extensions ['colcon_meta']
[0.147s] Level 1:colcon.colcon_core.package_identification:_identify(urdf) by extension 'colcon_meta'
[0.147s] Level 1:colcon.colcon_core.package_identification:_identify(urdf) by extensions ['ros']
[0.147s] Level 1:colcon.colcon_core.package_identification:_identify(urdf) by extension 'ros'
[0.147s] Level 1:colcon.colcon_core.package_identification:_identify(urdf) by extensions ['cmake', 'python']
[0.147s] Level 1:colcon.colcon_core.package_identification:_identify(urdf) by extension 'cmake'
[0.147s] Level 1:colcon.colcon_core.package_identification:_identify(urdf) by extension 'python'
[0.147s] Level 1:colcon.colcon_core.package_identification:_identify(urdf) by extensions ['python_setup_py']
[0.147s] Level 1:colcon.colcon_core.package_identification:_identify(urdf) by extension 'python_setup_py'
[0.147s] Level 1:colcon.colcon_core.package_identification:_identify(worlds) by extensions ['ignore', 'ignore_ament_install']
[0.147s] Level 1:colcon.colcon_core.package_identification:_identify(worlds) by extension 'ignore'
[0.147s] Level 1:colcon.colcon_core.package_identification:_identify(worlds) by extension 'ignore_ament_install'
[0.147s] Level 1:colcon.colcon_core.package_identification:_identify(worlds) by extensions ['colcon_pkg']
[0.147s] Level 1:colcon.colcon_core.package_identification:_identify(worlds) by extension 'colcon_pkg'
[0.147s] Level 1:colcon.colcon_core.package_identification:_identify(worlds) by extensions ['colcon_meta']
[0.147s] Level 1:colcon.colcon_core.package_identification:_identify(worlds) by extension 'colcon_meta'
[0.147s] Level 1:colcon.colcon_core.package_identification:_identify(worlds) by extensions ['ros']
[0.147s] Level 1:colcon.colcon_core.package_identification:_identify(worlds) by extension 'ros'
[0.147s] Level 1:colcon.colcon_core.package_identification:_identify(worlds) by extensions ['cmake', 'python']
[0.147s] Level 1:colcon.colcon_core.package_identification:_identify(worlds) by extension 'cmake'
[0.147s] Level 1:colcon.colcon_core.package_identification:_identify(worlds) by extension 'python'
[0.147s] Level 1:colcon.colcon_core.package_identification:_identify(worlds) by extensions ['python_setup_py']
[0.147s] Level 1:colcon.colcon_core.package_identification:_identify(worlds) by extension 'python_setup_py'
[0.147s] Level 1:colcon.colcon_core.package_discovery:discover_packages(recursive) using defaults
[0.147s] Level 1:colcon.colcon_core.package_discovery:discover_packages(ignore) discover
[0.147s] Level 1:colcon.colcon_core.package_discovery:discover_packages(ignore) using defaults
[0.147s] Level 1:colcon.colcon_core.package_discovery:discover_packages(path) discover
[0.147s] Level 1:colcon.colcon_core.package_discovery:discover_packages(path) using defaults
[0.155s] Level 1:colcon.colcon_core.package_discovery:discover_packages(prefix_path) check parameters
[0.155s] Level 1:colcon.colcon_core.package_discovery:discover_packages(prefix_path) discover
[0.157s] DEBUG:colcon.colcon_installed_package_information.package_discovery:Found 424 installed packages in /opt/ros/jazzy
[0.157s] Level 1:colcon.colcon_core.package_discovery:discover_packages(prefix_path) using defaults
[0.179s] INFO:colcon.colcon_core.executor:Executing jobs using 'parallel' executor
[0.179s] DEBUG:colcon.colcon_parallel_executor.executor.parallel:run_until_complete
[0.179s] DEBUG:colcon.colcon_parallel_executor.executor.parallel:closing loop
[0.179s] DEBUG:colcon.colcon_parallel_executor.executor.parallel:loop closed
[0.179s] DEBUG:colcon.colcon_parallel_executor.executor.parallel:run_until_complete finished with '0'
[0.179s] DEBUG:colcon.colcon_core.event_reactor:joining thread
[0.182s] INFO:colcon.colcon_core.plugin_system:Skipping extension 'colcon_notification.desktop_notification.terminal_notifier': Not used on non-Darwin systems
[0.182s] INFO:colcon.colcon_core.plugin_system:Skipping extension 'colcon_notification.desktop_notification.win32': Not used on non-Windows systems
[0.182s] INFO:colcon.colcon_notification.desktop_notification:Sending desktop notification using 'notify2'
[0.202s] DEBUG:colcon.colcon_core.event_reactor:joined thread
[0.203s] INFO:colcon.colcon_core.plugin_system:Skipping extension 'colcon_core.shell.bat': Not used on non-Windows systems
[0.203s] INFO:colcon.colcon_core.shell:Creating prefix script '/home/mike/autonomous-fleet-testbed/install/local_setup.ps1'
[0.204s] INFO:colcon.colcon_core.shell:Creating prefix util module '/home/mike/autonomous-fleet-testbed/install/_local_setup_util_ps1.py'
[0.204s] INFO:colcon.colcon_core.shell:Creating prefix chain script '/home/mike/autonomous-fleet-testbed/install/setup.ps1'
[0.205s] INFO:colcon.colcon_core.shell:Creating prefix script '/home/mike/autonomous-fleet-testbed/install/local_setup.sh'
[0.205s] INFO:colcon.colcon_core.shell:Creating prefix util module '/home/mike/autonomous-fleet-testbed/install/_local_setup_util_sh.py'
[0.205s] INFO:colcon.colcon_core.shell:Creating prefix chain script '/home/mike/autonomous-fleet-testbed/install/setup.sh'
[0.205s] INFO:colcon.colcon_core.shell:Creating prefix script '/home/mike/autonomous-fleet-testbed/install/local_setup.bash'
[0.206s] INFO:colcon.colcon_core.shell:Creating prefix chain script '/home/mike/autonomous-fleet-testbed/install/setup.bash'
[0.206s] INFO:colcon.colcon_core.shell:Creating prefix script '/home/mike/autonomous-fleet-testbed/install/local_setup.zsh'
[0.206s] INFO:colcon.colcon_core.shell:Creating prefix chain script '/home/mike/autonomous-fleet-testbed/install/setup.zsh'
