running egg_info
writing ../../build/nav_fleet/nav_fleet.egg-info/PKG-INFO
writing dependency_links to ../../build/nav_fleet/nav_fleet.egg-info/dependency_links.txt
writing entry points to ../../build/nav_fleet/nav_fleet.egg-info/entry_points.txt
writing requirements to ../../build/nav_fleet/nav_fleet.egg-info/requires.txt
writing top-level names to ../../build/nav_fleet/nav_fleet.egg-info/top_level.txt
reading manifest file '../../build/nav_fleet/nav_fleet.egg-info/SOURCES.txt'
writing manifest file '../../build/nav_fleet/nav_fleet.egg-info/SOURCES.txt'
running build
running build_py
running install
running install_lib
running install_data
copying config/drift_config.yaml -> /home/mike/autonomous-fleet-testbed/install/nav_fleet/share/nav_fleet/config
running install_egg_info
Copying ../../build/nav_fleet/nav_fleet.egg-info to /home/mike/autonomous-fleet-testbed/install/nav_fleet/lib/python3.12/site-packages/nav_fleet-0.1.0-py3.12.egg-info
running install_scripts
Installing metrics_collector script to /home/mike/autonomous-fleet-testbed/install/nav_fleet/lib/nav_fleet
Installing nav_runner script to /home/mike/autonomous-fleet-testbed/install/nav_fleet/lib/nav_fleet
writing list of installed files to '/home/mike/autonomous-fleet-testbed/build/nav_fleet/install.log'
