running egg_info
writing ../../build/nav_fleet/nav_fleet.egg-info/PKG-INFO
writing dependency_links to ../../build/nav_fleet/nav_fleet.egg-info/dependency_links.txt
writing entry points to ../../build/nav_fleet/nav_fleet.egg-info/entry_points.txt
writing requirements to ../../build/nav_fleet/nav_fleet.egg-info/requires.txt
writing top-level names to ../../build/nav_fleet/nav_fleet.egg-info/top_level.txt
reading manifest file '../../build/nav_fleet/nav_fleet.egg-info/SOURCES.txt'
writing manifest file '../../build/nav_fleet/nav_fleet.egg-info/SOURCES.txt'
running build
running build_py
copying nav_fleet/nav_runner.py -> /home/mike/autonomous-fleet-testbed/build/nav_fleet/build/lib/nav_fleet
copying nav_fleet/metrics_collector.py -> /home/mike/autonomous-fleet-testbed/build/nav_fleet/build/lib/nav_fleet
running install
running install_lib
copying /home/mike/autonomous-fleet-testbed/build/nav_fleet/build/lib/nav_fleet/nav_runner.py -> /home/mike/autonomous-fleet-testbed/install/nav_fleet/lib/python3.12/site-packages/nav_fleet
copying /home/mike/autonomous-fleet-testbed/build/nav_fleet/build/lib/nav_fleet/metrics_collector.py -> /home/mike/autonomous-fleet-testbed/install/nav_fleet/lib/python3.12/site-packages/nav_fleet
byte-compiling /home/mike/autonomous-fleet-testbed/install/nav_fleet/lib/python3.12/site-packages/nav_fleet/nav_runner.py to nav_runner.cpython-312.pyc
byte-compiling /home/mike/autonomous-fleet-testbed/install/nav_fleet/lib/python3.12/site-packages/nav_fleet/metrics_collector.py to metrics_collector.cpython-312.pyc
running install_data
error: can't copy 'config/nav2_params.yaml': doesn't exist or not a regular file
