[0.335s] Invoking command in '/home/mike/autonomous-fleet-testbed/src/nav_fleet': DEBUGINFOD_URLS=https://debuginfod.ubuntu.com PS1=(fleet-env) \[\e]0;\u@\h: \w\a\]${debian_chroot:+($debian_chroot)}\[\033[01;32m\]\u@\h\[\033[00m\]:\[\033[01;34m\]\w\[\033[00m\]\$ PYTHONPATH=/home/mike/autonomous-fleet-testbed/build/nav_fleet/prefix_override:/usr/lib/python3/dist-packages/colcon_core/task/python/colcon_distutils_commands:/home/mike/autonomous-fleet-testbed/install/nav_fleet/lib/python3.12/site-packages:${PYTHONPATH} VIRTUAL_ENV_PROMPT=(fleet-env) /usr/bin/python3 -W ignore:setup.py install is deprecated -W ignore:easy_install command is deprecated setup.py egg_info --egg-base ../../build/nav_fleet build --build-base /home/mike/autonomous-fleet-testbed/build/nav_fleet/build install --record /home/mike/autonomous-fleet-testbed/build/nav_fleet/install.log --install-scripts $base/lib/nav_fleet --single-version-externally-managed install_data
[0.444s] running egg_info
[0.451s] writing ../../build/nav_fleet/nav_fleet.egg-info/PKG-INFO
[0.451s] writing dependency_links to ../../build/nav_fleet/nav_fleet.egg-info/dependency_links.txt
[0.452s] writing entry points to ../../build/nav_fleet/nav_fleet.egg-info/entry_points.txt
[0.452s] writing requirements to ../../build/nav_fleet/nav_fleet.egg-info/requires.txt
[0.452s] writing top-level names to ../../build/nav_fleet/nav_fleet.egg-info/top_level.txt
[0.466s] reading manifest file '../../build/nav_fleet/nav_fleet.egg-info/SOURCES.txt'
[0.467s] writing manifest file '../../build/nav_fleet/nav_fleet.egg-info/SOURCES.txt'
[0.467s] running build
[0.467s] running build_py
[0.467s] copying nav_fleet/nav_runner.py -> /home/mike/autonomous-fleet-testbed/build/nav_fleet/build/lib/nav_fleet
[0.467s] copying nav_fleet/metrics_collector.py -> /home/mike/autonomous-fleet-testbed/build/nav_fleet/build/lib/nav_fleet
[0.467s] running install
[0.470s] running install_lib
[0.477s] copying /home/mike/autonomous-fleet-testbed/build/nav_fleet/build/lib/nav_fleet/nav_runner.py -> /home/mike/autonomous-fleet-testbed/install/nav_fleet/lib/python3.12/site-packages/nav_fleet
[0.477s] copying /home/mike/autonomous-fleet-testbed/build/nav_fleet/build/lib/nav_fleet/metrics_collector.py -> /home/mike/autonomous-fleet-testbed/install/nav_fleet/lib/python3.12/site-packages/nav_fleet
[0.477s] byte-compiling /home/mike/autonomous-fleet-testbed/install/nav_fleet/lib/python3.12/site-packages/nav_fleet/nav_runner.py to nav_runner.cpython-312.pyc
[0.477s] byte-compiling /home/mike/autonomous-fleet-testbed/install/nav_fleet/lib/python3.12/site-packages/nav_fleet/metrics_collector.py to metrics_collector.cpython-312.pyc
[0.478s] running install_data
[0.478s] error: can't copy 'config/nav2_params.yaml': doesn't exist or not a regular file
[0.486s] Invoked command in '/home/mike/autonomous-fleet-testbed/src/nav_fleet' returned '1': DEBUGINFOD_URLS=https://debuginfod.ubuntu.com PS1=(fleet-env) \[\e]0;\u@\h: \w\a\]${debian_chroot:+($debian_chroot)}\[\033[01;32m\]\u@\h\[\033[00m\]:\[\033[01;34m\]\w\[\033[00m\]\$ PYTHONPATH=/home/mike/autonomous-fleet-testbed/build/nav_fleet/prefix_override:/usr/lib/python3/dist-packages/colcon_core/task/python/colcon_distutils_commands:/home/mike/autonomous-fleet-testbed/install/nav_fleet/lib/python3.12/site-packages:${PYTHONPATH} VIRTUAL_ENV_PROMPT=(fleet-env) /usr/bin/python3 -W ignore:setup.py install is deprecated -W ignore:easy_install command is deprecated setup.py egg_info --egg-base ../../build/nav_fleet build --build-base /home/mike/autonomous-fleet-testbed/build/nav_fleet/build install --record /home/mike/autonomous-fleet-testbed/build/nav_fleet/install.log --install-scripts $base/lib/nav_fleet --single-version-externally-managed install_data
