[0.044s] DEBUG:colcon:Command line arguments: ['/usr/bin/colcon', 'build']
[0.044s] DEBUG:colcon:Parsed command line arguments: Namespace(log_base=None, log_level=None, verb_name='build', build_base='build', install_base='install', merge_install=False, symlink_install=False, test_result_base=None, continue_on_error=False, executor='parallel', parallel_workers=32, event_handlers=None, ignore_user_meta=False, metas=['./colcon.meta'], base_paths=['.'], packages_ignore=None, packages_ignore_regex=None, paths=None, packages_up_to=None, packages_up_to_regex=None, packages_above=None, packages_above_and_dependencies=None, packages_above_depth=None, packages_select_by_dep=None, packages_skip_by_dep=None, packages_skip_up_to=None, packages_select_build_failed=False, packages_skip_build_finished=False, packages_select_test_failures=False, packages_skip_test_passed=False, packages_select=None, packages_skip=None, packages_select_regex=None, packages_skip_regex=None, packages_start=None, packages_end=None, allow_overriding=[], cmake_args=None, cmake_target=None, cmake_target_skip_unavailable=False, cmake_clean_cache=False, cmake_clean_first=False, cmake_force_configure=False, ament_cmake_args=None, catkin_cmake_args=None, catkin_skip_building_tests=False, mixin_files=None, mixin=None, verb_parser=<colcon_mixin.mixin.mixin_argument.MixinArgumentDecorator object at 0x7c9b0b9b0dd0>, verb_extension=<colcon_core.verb.build.BuildVerb object at 0x7c9b0b9b09b0>, main=<bound method BuildVerb.main of <colcon_core.verb.build.BuildVerb object at 0x7c9b0b9b09b0>>, mixin_verb=('build',))
[0.060s] Level 1:colcon.colcon_core.package_discovery:discover_packages(colcon_meta) check parameters
[0.060s] Level 1:colcon.colcon_core.package_discovery:discover_packages(recursive) check parameters
[0.060s] Level 1:colcon.colcon_core.package_discovery:discover_packages(ignore) check parameters
[0.060s] Level 1:colcon.colcon_core.package_discovery:discover_packages(path) check parameters
[0.060s] Level 1:colcon.colcon_core.package_discovery:discover_packages(colcon_meta) discover
[0.060s] Level 1:colcon.colcon_core.package_discovery:discover_packages(recursive) discover
[0.060s] INFO:colcon.colcon_core.package_discovery:Crawling recursively for packages in '/home/mike/autonomous-fleet-testbed'
[0.060s] Level 1:colcon.colcon_core.package_identification:_identify(.) by extensions ['ignore', 'ignore_ament_install']
[0.060s] Level 1:colcon.colcon_core.package_identification:_identify(.) by extension 'ignore'
[0.060s] Level 1:colcon.colcon_core.package_identification:_identify(.) by extension 'ignore_ament_install'
[0.060s] Level 1:colcon.colcon_core.package_identification:_identify(.) by extensions ['colcon_pkg']
[0.060s] Level 1:colcon.colcon_core.package_identification:_identify(.) by extension 'colcon_pkg'
[0.060s] Level 1:colcon.colcon_core.package_identification:_identify(.) by extensions ['colcon_meta']
[0.060s] Level 1:colcon.colcon_core.package_identification:_identify(.) by extension 'colcon_meta'
[0.060s] Level 1:colcon.colcon_core.package_identification:_identify(.) by extensions ['ros']
[0.060s] Level 1:colcon.colcon_core.package_identification:_identify(.) by extension 'ros'
[0.071s] Level 1:colcon.colcon_core.package_identification:_identify(.) by extensions ['cmake', 'python']
[0.071s] Level 1:colcon.colcon_core.package_identification:_identify(.) by extension 'cmake'
[0.071s] Level 1:colcon.colcon_core.package_identification:_identify(.) by extension 'python'
[0.071s] Level 1:colcon.colcon_core.package_identification:_identify(.) by extensions ['python_setup_py']
[0.071s] Level 1:colcon.colcon_core.package_identification:_identify(.) by extension 'python_setup_py'
[0.071s] Level 1:colcon.colcon_core.package_identification:_identify(build) by extensions ['ignore', 'ignore_ament_install']
[0.072s] Level 1:colcon.colcon_core.package_identification:_identify(build) by extension 'ignore'
[0.072s] Level 1:colcon.colcon_core.package_identification:_identify(build) ignored
[0.072s] Level 1:colcon.colcon_core.package_identification:_identify(config) by extensions ['ignore', 'ignore_ament_install']
[0.072s] Level 1:colcon.colcon_core.package_identification:_identify(config) by extension 'ignore'
[0.072s] Level 1:colcon.colcon_core.package_identification:_identify(config) by extension 'ignore_ament_install'
[0.072s] Level 1:colcon.colcon_core.package_identification:_identify(config) by extensions ['colcon_pkg']
[0.072s] Level 1:colcon.colcon_core.package_identification:_identify(config) by extension 'colcon_pkg'
[0.072s] Level 1:colcon.colcon_core.package_identification:_identify(config) by extensions ['colcon_meta']
[0.072s] Level 1:colcon.colcon_core.package_identification:_identify(config) by extension 'colcon_meta'
[0.072s] Level 1:colcon.colcon_core.package_identification:_identify(config) by extensions ['ros']
[0.072s] Level 1:colcon.colcon_core.package_identification:_identify(config) by extension 'ros'
[0.072s] Level 1:colcon.colcon_core.package_identification:_identify(config) by extensions ['cmake', 'python']
[0.072s] Level 1:colcon.colcon_core.package_identification:_identify(config) by extension 'cmake'
[0.072s] Level 1:colcon.colcon_core.package_identification:_identify(config) by extension 'python'
[0.072s] Level 1:colcon.colcon_core.package_identification:_identify(config) by extensions ['python_setup_py']
[0.072s] Level 1:colcon.colcon_core.package_identification:_identify(config) by extension 'python_setup_py'
[0.072s] Level 1:colcon.colcon_core.package_identification:_identify(dashboard) by extensions ['ignore', 'ignore_ament_install']
[0.072s] Level 1:colcon.colcon_core.package_identification:_identify(dashboard) by extension 'ignore'
[0.072s] Level 1:colcon.colcon_core.package_identification:_identify(dashboard) by extension 'ignore_ament_install'
[0.072s] Level 1:colcon.colcon_core.package_identification:_identify(dashboard) by extensions ['colcon_pkg']
[0.072s] Level 1:colcon.colcon_core.package_identification:_identify(dashboard) by extension 'colcon_pkg'
[0.072s] Level 1:colcon.colcon_core.package_identification:_identify(dashboard) by extensions ['colcon_meta']
[0.072s] Level 1:colcon.colcon_core.package_identification:_identify(dashboard) by extension 'colcon_meta'
[0.072s] Level 1:colcon.colcon_core.package_identification:_identify(dashboard) by extensions ['ros']
[0.072s] Level 1:colcon.colcon_core.package_identification:_identify(dashboard) by extension 'ros'
[0.072s] Level 1:colcon.colcon_core.package_identification:_identify(dashboard) by extensions ['cmake', 'python']
[0.072s] Level 1:colcon.colcon_core.package_identification:_identify(dashboard) by extension 'cmake'
[0.072s] Level 1:colcon.colcon_core.package_identification:_identify(dashboard) by extension 'python'
[0.072s] Level 1:colcon.colcon_core.package_identification:_identify(dashboard) by extensions ['python_setup_py']
[0.072s] Level 1:colcon.colcon_core.package_identification:_identify(dashboard) by extension 'python_setup_py'
[0.072s] Level 1:colcon.colcon_core.package_identification:_identify(docs) by extensions ['ignore', 'ignore_ament_install']
[0.072s] Level 1:colcon.colcon_core.package_identification:_identify(docs) by extension 'ignore'
[0.072s] Level 1:colcon.colcon_core.package_identification:_identify(docs) by extension 'ignore_ament_install'
[0.072s] Level 1:colcon.colcon_core.package_identification:_identify(docs) by extensions ['colcon_pkg']
[0.072s] Level 1:colcon.colcon_core.package_identification:_identify(docs) by extension 'colcon_pkg'
[0.072s] Level 1:colcon.colcon_core.package_identification:_identify(docs) by extensions ['colcon_meta']
[0.072s] Level 1:colcon.colcon_core.package_identification:_identify(docs) by extension 'colcon_meta'
[0.072s] Level 1:colcon.colcon_core.package_identification:_identify(docs) by extensions ['ros']
[0.072s] Level 1:colcon.colcon_core.package_identification:_identify(docs) by extension 'ros'
[0.072s] Level 1:colcon.colcon_core.package_identification:_identify(docs) by extensions ['cmake', 'python']
[0.072s] Level 1:colcon.colcon_core.package_identification:_identify(docs) by extension 'cmake'
[0.072s] Level 1:colcon.colcon_core.package_identification:_identify(docs) by extension 'python'
[0.072s] Level 1:colcon.colcon_core.package_identification:_identify(docs) by extensions ['python_setup_py']
[0.072s] Level 1:colcon.colcon_core.package_identification:_identify(docs) by extension 'python_setup_py'
[0.072s] Level 1:colcon.colcon_core.package_identification:_identify(install) by extensions ['ignore', 'ignore_ament_install']
[0.072s] Level 1:colcon.colcon_core.package_identification:_identify(install) by extension 'ignore'
[0.072s] Level 1:colcon.colcon_core.package_identification:_identify(install) ignored
[0.072s] Level 1:colcon.colcon_core.package_identification:_identify(log) by extensions ['ignore', 'ignore_ament_install']
[0.072s] Level 1:colcon.colcon_core.package_identification:_identify(log) by extension 'ignore'
[0.072s] Level 1:colcon.colcon_core.package_identification:_identify(log) ignored
[0.072s] Level 1:colcon.colcon_core.package_identification:_identify(maps) by extensions ['ignore', 'ignore_ament_install']
[0.072s] Level 1:colcon.colcon_core.package_identification:_identify(maps) by extension 'ignore'
[0.072s] Level 1:colcon.colcon_core.package_identification:_identify(maps) by extension 'ignore_ament_install'
[0.072s] Level 1:colcon.colcon_core.package_identification:_identify(maps) by extensions ['colcon_pkg']
[0.072s] Level 1:colcon.colcon_core.package_identification:_identify(maps) by extension 'colcon_pkg'
[0.072s] Level 1:colcon.colcon_core.package_identification:_identify(maps) by extensions ['colcon_meta']
[0.072s] Level 1:colcon.colcon_core.package_identification:_identify(maps) by extension 'colcon_meta'
[0.072s] Level 1:colcon.colcon_core.package_identification:_identify(maps) by extensions ['ros']
[0.072s] Level 1:colcon.colcon_core.package_identification:_identify(maps) by extension 'ros'
[0.073s] Level 1:colcon.colcon_core.package_identification:_identify(maps) by extensions ['cmake', 'python']
[0.073s] Level 1:colcon.colcon_core.package_identification:_identify(maps) by extension 'cmake'
[0.073s] Level 1:colcon.colcon_core.package_identification:_identify(maps) by extension 'python'
[0.073s] Level 1:colcon.colcon_core.package_identification:_identify(maps) by extensions ['python_setup_py']
[0.073s] Level 1:colcon.colcon_core.package_identification:_identify(maps) by extension 'python_setup_py'
[0.073s] Level 1:colcon.colcon_core.package_identification:_identify(reports) by extensions ['ignore', 'ignore_ament_install']
[0.073s] Level 1:colcon.colcon_core.package_identification:_identify(reports) by extension 'ignore'
[0.073s] Level 1:colcon.colcon_core.package_identification:_identify(reports) by extension 'ignore_ament_install'
[0.073s] Level 1:colcon.colcon_core.package_identification:_identify(reports) by extensions ['colcon_pkg']
[0.073s] Level 1:colcon.colcon_core.package_identification:_identify(reports) by extension 'colcon_pkg'
[0.073s] Level 1:colcon.colcon_core.package_identification:_identify(reports) by extensions ['colcon_meta']
[0.073s] Level 1:colcon.colcon_core.package_identification:_identify(reports) by extension 'colcon_meta'
[0.073s] Level 1:colcon.colcon_core.package_identification:_identify(reports) by extensions ['ros']
[0.073s] Level 1:colcon.colcon_core.package_identification:_identify(reports) by extension 'ros'
[0.073s] Level 1:colcon.colcon_core.package_identification:_identify(reports) by extensions ['cmake', 'python']
[0.073s] Level 1:colcon.colcon_core.package_identification:_identify(reports) by extension 'cmake'
[0.073s] Level 1:colcon.colcon_core.package_identification:_identify(reports) by extension 'python'
[0.073s] Level 1:colcon.colcon_core.package_identification:_identify(reports) by extensions ['python_setup_py']
[0.073s] Level 1:colcon.colcon_core.package_identification:_identify(reports) by extension 'python_setup_py'
[0.073s] Level 1:colcon.colcon_core.package_identification:_identify(reports/history) by extensions ['ignore', 'ignore_ament_install']
[0.073s] Level 1:colcon.colcon_core.package_identification:_identify(reports/history) by extension 'ignore'
[0.073s] Level 1:colcon.colcon_core.package_identification:_identify(reports/history) by extension 'ignore_ament_install'
[0.073s] Level 1:colcon.colcon_core.package_identification:_identify(reports/history) by extensions ['colcon_pkg']
[0.073s] Level 1:colcon.colcon_core.package_identification:_identify(reports/history) by extension 'colcon_pkg'
[0.073s] Level 1:colcon.colcon_core.package_identification:_identify(reports/history) by extensions ['colcon_meta']
[0.073s] Level 1:colcon.colcon_core.package_identification:_identify(reports/history) by extension 'colcon_meta'
[0.073s] Level 1:colcon.colcon_core.package_identification:_identify(reports/history) by extensions ['ros']
[0.073s] Level 1:colcon.colcon_core.package_identification:_identify(reports/history) by extension 'ros'
[0.073s] Level 1:colcon.colcon_core.package_identification:_identify(reports/history) by extensions ['cmake', 'python']
[0.073s] Level 1:colcon.colcon_core.package_identification:_identify(reports/history) by extension 'cmake'
[0.073s] Level 1:colcon.colcon_core.package_identification:_identify(reports/history) by extension 'python'
[0.073s] Level 1:colcon.colcon_core.package_identification:_identify(reports/history) by extensions ['python_setup_py']
[0.073s] Level 1:colcon.colcon_core.package_identification:_identify(reports/history) by extension 'python_setup_py'
[0.073s] Level 1:colcon.colcon_core.package_identification:_identify(requirements) by extensions ['ignore', 'ignore_ament_install']
[0.073s] Level 1:colcon.colcon_core.package_identification:_identify(requirements) by extension 'ignore'
[0.073s] Level 1:colcon.colcon_core.package_identification:_identify(requirements) by extension 'ignore_ament_install'
[0.073s] Level 1:colcon.colcon_core.package_identification:_identify(requirements) by extensions ['colcon_pkg']
[0.073s] Level 1:colcon.colcon_core.package_identification:_identify(requirements) by extension 'colcon_pkg'
[0.073s] Level 1:colcon.colcon_core.package_identification:_identify(requirements) by extensions ['colcon_meta']
[0.073s] Level 1:colcon.colcon_core.package_identification:_identify(requirements) by extension 'colcon_meta'
[0.073s] Level 1:colcon.colcon_core.package_identification:_identify(requirements) by extensions ['ros']
[0.073s] Level 1:colcon.colcon_core.package_identification:_identify(requirements) by extension 'ros'
[0.073s] Level 1:colcon.colcon_core.package_identification:_identify(requirements) by extensions ['cmake', 'python']
[0.073s] Level 1:colcon.colcon_core.package_identification:_identify(requirements) by extension 'cmake'
[0.073s] Level 1:colcon.colcon_core.package_identification:_identify(requirements) by extension 'python'
[0.073s] Level 1:colcon.colcon_core.package_identification:_identify(requirements) by extensions ['python_setup_py']
[0.073s] Level 1:colcon.colcon_core.package_identification:_identify(requirements) by extension 'python_setup_py'
[0.073s] Level 1:colcon.colcon_core.package_identification:_identify(robot_profiles) by extensions ['ignore', 'ignore_ament_install']
[0.073s] Level 1:colcon.colcon_core.package_identification:_identify(robot_profiles) by extension 'ignore'
[0.073s] Level 1:colcon.colcon_core.package_identification:_identify(robot_profiles) by extension 'ignore_ament_install'
[0.073s] Level 1:colcon.colcon_core.package_identification:_identify(robot_profiles) by extensions ['colcon_pkg']
[0.073s] Level 1:colcon.colcon_core.package_identification:_identify(robot_profiles) by extension 'colcon_pkg'
[0.073s] Level 1:colcon.colcon_core.package_identification:_identify(robot_profiles) by extensions ['colcon_meta']
[0.073s] Level 1:colcon.colcon_core.package_identification:_identify(robot_profiles) by extension 'colcon_meta'
[0.073s] Level 1:colcon.colcon_core.package_identification:_identify(robot_profiles) by extensions ['ros']
[0.073s] Level 1:colcon.colcon_core.package_identification:_identify(robot_profiles) by extension 'ros'
[0.073s] Level 1:colcon.colcon_core.package_identification:_identify(robot_profiles) by extensions ['cmake', 'python']
[0.073s] Level 1:colcon.colcon_core.package_identification:_identify(robot_profiles) by extension 'cmake'
[0.073s] Level 1:colcon.colcon_core.package_identification:_identify(robot_profiles) by extension 'python'
[0.073s] Level 1:colcon.colcon_core.package_identification:_identify(robot_profiles) by extensions ['python_setup_py']
[0.073s] Level 1:colcon.colcon_core.package_identification:_identify(robot_profiles) by extension 'python_setup_py'
[0.073s] Level 1:colcon.colcon_core.package_identification:_identify(src) by extensions ['ignore', 'ignore_ament_install']
[0.073s] Level 1:colcon.colcon_core.package_identification:_identify(src) by extension 'ignore'
[0.073s] Level 1:colcon.colcon_core.package_identification:_identify(src) by extension 'ignore_ament_install'
[0.073s] Level 1:colcon.colcon_core.package_identification:_identify(src) by extensions ['colcon_pkg']
[0.073s] Level 1:colcon.colcon_core.package_identification:_identify(src) by extension 'colcon_pkg'
[0.074s] Level 1:colcon.colcon_core.package_identification:_identify(src) by extensions ['colcon_meta']
[0.074s] Level 1:colcon.colcon_core.package_identification:_identify(src) by extension 'colcon_meta'
[0.074s] Level 1:colcon.colcon_core.package_identification:_identify(src) by extensions ['ros']
[0.074s] Level 1:colcon.colcon_core.package_identification:_identify(src) by extension 'ros'
[0.074s] Level 1:colcon.colcon_core.package_identification:_identify(src) by extensions ['cmake', 'python']
[0.074s] Level 1:colcon.colcon_core.package_identification:_identify(src) by extension 'cmake'
[0.074s] Level 1:colcon.colcon_core.package_identification:_identify(src) by extension 'python'
[0.074s] Level 1:colcon.colcon_core.package_identification:_identify(src) by extensions ['python_setup_py']
[0.074s] Level 1:colcon.colcon_core.package_identification:_identify(src) by extension 'python_setup_py'
[0.074s] Level 1:colcon.colcon_core.package_identification:_identify(src/nav_fleet) by extensions ['ignore', 'ignore_ament_install']
[0.074s] Level 1:colcon.colcon_core.package_identification:_identify(src/nav_fleet) by extension 'ignore'
[0.074s] Level 1:colcon.colcon_core.package_identification:_identify(src/nav_fleet) by extension 'ignore_ament_install'
[0.074s] Level 1:colcon.colcon_core.package_identification:_identify(src/nav_fleet) by extensions ['colcon_pkg']
[0.074s] Level 1:colcon.colcon_core.package_identification:_identify(src/nav_fleet) by extension 'colcon_pkg'
[0.074s] Level 1:colcon.colcon_core.package_identification:_identify(src/nav_fleet) by extensions ['colcon_meta']
[0.074s] Level 1:colcon.colcon_core.package_identification:_identify(src/nav_fleet) by extension 'colcon_meta'
[0.074s] Level 1:colcon.colcon_core.package_identification:_identify(src/nav_fleet) by extensions ['ros']
[0.074s] Level 1:colcon.colcon_core.package_identification:_identify(src/nav_fleet) by extension 'ros'
[0.074s] DEBUG:colcon.colcon_core.package_identification:Failed to parse potential ROS package manifest in'src/nav_fleet': Error(s) in package 'src/nav_fleet/package.xml':
The manifest contains invalid XML:
XML or text declaration not at start of entity: line 1, column 2
[0.074s] Level 1:colcon.colcon_core.package_identification:_identify(src/nav_fleet) by extensions ['cmake', 'python']
[0.074s] Level 1:colcon.colcon_core.package_identification:_identify(src/nav_fleet) by extension 'cmake'
[0.074s] Level 1:colcon.colcon_core.package_identification:_identify(src/nav_fleet) by extension 'python'
[0.074s] DEBUG:colcon.colcon_core.package_identification:Python package in 'src/nav_fleet' passes arguments to the setup() function which requires a different identification extension than 'python'
[0.074s] Level 1:colcon.colcon_core.package_identification:_identify(src/nav_fleet) by extensions ['python_setup_py']
[0.074s] Level 1:colcon.colcon_core.package_identification:_identify(src/nav_fleet) by extension 'python_setup_py'
[0.164s] DEBUG:colcon.colcon_core.package_identification:Package 'src/nav_fleet' with type 'python' and name 'nav_fleet'
[0.164s] Level 1:colcon.colcon_core.package_identification:_identify(tests) by extensions ['ignore', 'ignore_ament_install']
[0.164s] Level 1:colcon.colcon_core.package_identification:_identify(tests) by extension 'ignore'
[0.164s] Level 1:colcon.colcon_core.package_identification:_identify(tests) by extension 'ignore_ament_install'
[0.164s] Level 1:colcon.colcon_core.package_identification:_identify(tests) by extensions ['colcon_pkg']
[0.164s] Level 1:colcon.colcon_core.package_identification:_identify(tests) by extension 'colcon_pkg'
[0.164s] Level 1:colcon.colcon_core.package_identification:_identify(tests) by extensions ['colcon_meta']
[0.164s] Level 1:colcon.colcon_core.package_identification:_identify(tests) by extension 'colcon_meta'
[0.164s] Level 1:colcon.colcon_core.package_identification:_identify(tests) by extensions ['ros']
[0.164s] Level 1:colcon.colcon_core.package_identification:_identify(tests) by extension 'ros'
[0.164s] Level 1:colcon.colcon_core.package_identification:_identify(tests) by extensions ['cmake', 'python']
[0.164s] Level 1:colcon.colcon_core.package_identification:_identify(tests) by extension 'cmake'
[0.164s] Level 1:colcon.colcon_core.package_identification:_identify(tests) by extension 'python'
[0.164s] Level 1:colcon.colcon_core.package_identification:_identify(tests) by extensions ['python_setup_py']
[0.164s] Level 1:colcon.colcon_core.package_identification:_identify(tests) by extension 'python_setup_py'
[0.164s] Level 1:colcon.colcon_core.package_identification:_identify(tools) by extensions ['ignore', 'ignore_ament_install']
[0.164s] Level 1:colcon.colcon_core.package_identification:_identify(tools) by extension 'ignore'
[0.164s] Level 1:colcon.colcon_core.package_identification:_identify(tools) by extension 'ignore_ament_install'
[0.164s] Level 1:colcon.colcon_core.package_identification:_identify(tools) by extensions ['colcon_pkg']
[0.164s] Level 1:colcon.colcon_core.package_identification:_identify(tools) by extension 'colcon_pkg'
[0.164s] Level 1:colcon.colcon_core.package_identification:_identify(tools) by extensions ['colcon_meta']
[0.164s] Level 1:colcon.colcon_core.package_identification:_identify(tools) by extension 'colcon_meta'
[0.164s] Level 1:colcon.colcon_core.package_identification:_identify(tools) by extensions ['ros']
[0.164s] Level 1:colcon.colcon_core.package_identification:_identify(tools) by extension 'ros'
[0.164s] Level 1:colcon.colcon_core.package_identification:_identify(tools) by extensions ['cmake', 'python']
[0.164s] Level 1:colcon.colcon_core.package_identification:_identify(tools) by extension 'cmake'
[0.164s] Level 1:colcon.colcon_core.package_identification:_identify(tools) by extension 'python'
[0.164s] Level 1:colcon.colcon_core.package_identification:_identify(tools) by extensions ['python_setup_py']
[0.164s] Level 1:colcon.colcon_core.package_identification:_identify(tools) by extension 'python_setup_py'
[0.164s] Level 1:colcon.colcon_core.package_identification:_identify(urdf) by extensions ['ignore', 'ignore_ament_install']
[0.164s] Level 1:colcon.colcon_core.package_identification:_identify(urdf) by extension 'ignore'
[0.164s] Level 1:colcon.colcon_core.package_identification:_identify(urdf) by extension 'ignore_ament_install'
[0.164s] Level 1:colcon.colcon_core.package_identification:_identify(urdf) by extensions ['colcon_pkg']
[0.164s] Level 1:colcon.colcon_core.package_identification:_identify(urdf) by extension 'colcon_pkg'
[0.164s] Level 1:colcon.colcon_core.package_identification:_identify(urdf) by extensions ['colcon_meta']
[0.164s] Level 1:colcon.colcon_core.package_identification:_identify(urdf) by extension 'colcon_meta'
[0.164s] Level 1:colcon.colcon_core.package_identification:_identify(urdf) by extensions ['ros']
[0.164s] Level 1:colcon.colcon_core.package_identification:_identify(urdf) by extension 'ros'
[0.164s] Level 1:colcon.colcon_core.package_identification:_identify(urdf) by extensions ['cmake', 'python']
[0.164s] Level 1:colcon.colcon_core.package_identification:_identify(urdf) by extension 'cmake'
[0.164s] Level 1:colcon.colcon_core.package_identification:_identify(urdf) by extension 'python'
[0.164s] Level 1:colcon.colcon_core.package_identification:_identify(urdf) by extensions ['python_setup_py']
[0.164s] Level 1:colcon.colcon_core.package_identification:_identify(urdf) by extension 'python_setup_py'
[0.164s] Level 1:colcon.colcon_core.package_identification:_identify(worlds) by extensions ['ignore', 'ignore_ament_install']
[0.165s] Level 1:colcon.colcon_core.package_identification:_identify(worlds) by extension 'ignore'
[0.165s] Level 1:colcon.colcon_core.package_identification:_identify(worlds) by extension 'ignore_ament_install'
[0.165s] Level 1:colcon.colcon_core.package_identification:_identify(worlds) by extensions ['colcon_pkg']
[0.165s] Level 1:colcon.colcon_core.package_identification:_identify(worlds) by extension 'colcon_pkg'
[0.165s] Level 1:colcon.colcon_core.package_identification:_identify(worlds) by extensions ['colcon_meta']
[0.165s] Level 1:colcon.colcon_core.package_identification:_identify(worlds) by extension 'colcon_meta'
[0.165s] Level 1:colcon.colcon_core.package_identification:_identify(worlds) by extensions ['ros']
[0.165s] Level 1:colcon.colcon_core.package_identification:_identify(worlds) by extension 'ros'
[0.165s] Level 1:colcon.colcon_core.package_identification:_identify(worlds) by extensions ['cmake', 'python']
[0.165s] Level 1:colcon.colcon_core.package_identification:_identify(worlds) by extension 'cmake'
[0.165s] Level 1:colcon.colcon_core.package_identification:_identify(worlds) by extension 'python'
[0.165s] Level 1:colcon.colcon_core.package_identification:_identify(worlds) by extensions ['python_setup_py']
[0.165s] Level 1:colcon.colcon_core.package_identification:_identify(worlds) by extension 'python_setup_py'
[0.165s] Level 1:colcon.colcon_core.package_discovery:discover_packages(recursive) using defaults
[0.165s] Level 1:colcon.colcon_core.package_discovery:discover_packages(ignore) discover
[0.165s] Level 1:colcon.colcon_core.package_discovery:discover_packages(ignore) using defaults
[0.165s] Level 1:colcon.colcon_core.package_discovery:discover_packages(path) discover
[0.165s] Level 1:colcon.colcon_core.package_discovery:discover_packages(path) using defaults
[0.173s] Level 1:colcon.colcon_core.package_discovery:discover_packages(prefix_path) check parameters
[0.173s] Level 1:colcon.colcon_core.package_discovery:discover_packages(prefix_path) discover
[0.174s] DEBUG:colcon.colcon_installed_package_information.package_discovery:Found 424 installed packages in /opt/ros/jazzy
[0.175s] Level 1:colcon.colcon_core.package_discovery:discover_packages(prefix_path) using defaults
[0.196s] Level 5:colcon.colcon_core.verb:set package 'nav_fleet' build argument 'cmake_args' from command line to 'None'
[0.196s] Level 5:colcon.colcon_core.verb:set package 'nav_fleet' build argument 'cmake_target' from command line to 'None'
[0.196s] Level 5:colcon.colcon_core.verb:set package 'nav_fleet' build argument 'cmake_target_skip_unavailable' from command line to 'False'
[0.196s] Level 5:colcon.colcon_core.verb:set package 'nav_fleet' build argument 'cmake_clean_cache' from command line to 'False'
[0.196s] Level 5:colcon.colcon_core.verb:set package 'nav_fleet' build argument 'cmake_clean_first' from command line to 'False'
[0.196s] Level 5:colcon.colcon_core.verb:set package 'nav_fleet' build argument 'cmake_force_configure' from command line to 'False'
[0.196s] Level 5:colcon.colcon_core.verb:set package 'nav_fleet' build argument 'ament_cmake_args' from command line to 'None'
[0.196s] Level 5:colcon.colcon_core.verb:set package 'nav_fleet' build argument 'catkin_cmake_args' from command line to 'None'
[0.196s] Level 5:colcon.colcon_core.verb:set package 'nav_fleet' build argument 'catkin_skip_building_tests' from command line to 'False'
[0.196s] DEBUG:colcon.colcon_core.verb:Building package 'nav_fleet' with the following arguments: {'ament_cmake_args': None, 'build_base': '/home/mike/autonomous-fleet-testbed/build/nav_fleet', 'catkin_cmake_args': None, 'catkin_skip_building_tests': False, 'cmake_args': None, 'cmake_clean_cache': False, 'cmake_clean_first': False, 'cmake_force_configure': False, 'cmake_target': None, 'cmake_target_skip_unavailable': False, 'install_base': '/home/mike/autonomous-fleet-testbed/install/nav_fleet', 'merge_install': False, 'path': '/home/mike/autonomous-fleet-testbed/src/nav_fleet', 'symlink_install': False, 'test_result_base': None}
[0.196s] INFO:colcon.colcon_core.executor:Executing jobs using 'parallel' executor
[0.197s] DEBUG:colcon.colcon_parallel_executor.executor.parallel:run_until_complete
[0.197s] INFO:colcon.colcon_core.task.python.build:Building Python package in '/home/mike/autonomous-fleet-testbed/src/nav_fleet'
[0.198s] INFO:colcon.colcon_core.plugin_system:Skipping extension 'colcon_core.shell.bat': Not used on non-Windows systems
[0.198s] INFO:colcon.colcon_core.shell:Skip shell extension 'powershell' for command environment: Not usable outside of PowerShell
[0.198s] DEBUG:colcon.colcon_core.shell:Skip shell extension 'dsv' for command environment
[0.524s] DEBUG:colcon.colcon_core.task.python.build:Available setuptools commands: upload, alias, rotate, init_catalog, build_ext, bdist, bdist_wheel, install_egg_info, test, bdist_dumb, setopt, egg_info, install_headers, install_scripts, extract_messages, install_lib, build_clib, saveopts, clean, develop, dist_info, upload_docs, build_scripts, bdist_rpm, build, register, install_data, symlink_data, editable_wheel, build_py, easy_install, compile_catalog, sdist, bdist_egg, update_catalog, check, install
[0.526s] DEBUG:colcon.colcon_core.event_handler.log_command:Invoking command in '/home/mike/autonomous-fleet-testbed/src/nav_fleet': DEBUGINFOD_URLS=https://debuginfod.ubuntu.com PS1=(fleet-env) \[\e]0;\u@\h: \w\a\]${debian_chroot:+($debian_chroot)}\[\033[01;32m\]\u@\h\[\033[00m\]:\[\033[01;34m\]\w\[\033[00m\]\$ PYTHONPATH=/home/mike/autonomous-fleet-testbed/build/nav_fleet/prefix_override:/usr/lib/python3/dist-packages/colcon_core/task/python/colcon_distutils_commands:/home/mike/autonomous-fleet-testbed/install/nav_fleet/lib/python3.12/site-packages:${PYTHONPATH} VIRTUAL_ENV_PROMPT=(fleet-env) /usr/bin/python3 -W ignore:setup.py install is deprecated -W ignore:easy_install command is deprecated setup.py egg_info --egg-base ../../build/nav_fleet build --build-base /home/mike/autonomous-fleet-testbed/build/nav_fleet/build install --record /home/mike/autonomous-fleet-testbed/build/nav_fleet/install.log --install-scripts $base/lib/nav_fleet --single-version-externally-managed install_data
[0.737s] DEBUG:colcon.colcon_core.event_handler.log_command:Invoked command in '/home/mike/autonomous-fleet-testbed/src/nav_fleet' returned '0': DEBUGINFOD_URLS=https://debuginfod.ubuntu.com PS1=(fleet-env) \[\e]0;\u@\h: \w\a\]${debian_chroot:+($debian_chroot)}\[\033[01;32m\]\u@\h\[\033[00m\]:\[\033[01;34m\]\w\[\033[00m\]\$ PYTHONPATH=/home/mike/autonomous-fleet-testbed/build/nav_fleet/prefix_override:/usr/lib/python3/dist-packages/colcon_core/task/python/colcon_distutils_commands:/home/mike/autonomous-fleet-testbed/install/nav_fleet/lib/python3.12/site-packages:${PYTHONPATH} VIRTUAL_ENV_PROMPT=(fleet-env) /usr/bin/python3 -W ignore:setup.py install is deprecated -W ignore:easy_install command is deprecated setup.py egg_info --egg-base ../../build/nav_fleet build --build-base /home/mike/autonomous-fleet-testbed/build/nav_fleet/build install --record /home/mike/autonomous-fleet-testbed/build/nav_fleet/install.log --install-scripts $base/lib/nav_fleet --single-version-externally-managed install_data
[0.738s] Level 1:colcon.colcon_core.environment:checking '/home/mike/autonomous-fleet-testbed/install/nav_fleet' for CMake module files
[0.738s] Level 1:colcon.colcon_core.environment:checking '/home/mike/autonomous-fleet-testbed/install/nav_fleet' for CMake config files
[0.738s] Level 1:colcon.colcon_core.environment:checking '/home/mike/autonomous-fleet-testbed/install/nav_fleet/lib'
[0.738s] Level 1:colcon.colcon_core.environment:checking '/home/mike/autonomous-fleet-testbed/install/nav_fleet/bin'
[0.738s] Level 1:colcon.colcon_core.environment:checking '/home/mike/autonomous-fleet-testbed/install/nav_fleet/lib/pkgconfig/nav_fleet.pc'
[0.739s] Level 1:colcon.colcon_core.environment:checking '/home/mike/autonomous-fleet-testbed/install/nav_fleet/lib/python3.12/site-packages'
[0.739s] Level 1:colcon.colcon_core.shell:create_environment_hook('nav_fleet', 'pythonpath')
[0.739s] INFO:colcon.colcon_core.shell:Creating environment hook '/home/mike/autonomous-fleet-testbed/install/nav_fleet/share/nav_fleet/hook/pythonpath.ps1'
[0.739s] INFO:colcon.colcon_core.shell:Creating environment descriptor '/home/mike/autonomous-fleet-testbed/install/nav_fleet/share/nav_fleet/hook/pythonpath.dsv'
[0.739s] INFO:colcon.colcon_core.shell:Creating environment hook '/home/mike/autonomous-fleet-testbed/install/nav_fleet/share/nav_fleet/hook/pythonpath.sh'
[0.739s] Level 1:colcon.colcon_core.environment:checking '/home/mike/autonomous-fleet-testbed/install/nav_fleet/bin'
[0.739s] Level 1:colcon.colcon_core.environment:create_environment_scripts_only(nav_fleet)
[0.739s] INFO:colcon.colcon_core.shell:Creating package script '/home/mike/autonomous-fleet-testbed/install/nav_fleet/share/nav_fleet/package.ps1'
[0.740s] INFO:colcon.colcon_core.shell:Creating package descriptor '/home/mike/autonomous-fleet-testbed/install/nav_fleet/share/nav_fleet/package.dsv'
[0.740s] INFO:colcon.colcon_core.shell:Creating package script '/home/mike/autonomous-fleet-testbed/install/nav_fleet/share/nav_fleet/package.sh'
[0.740s] INFO:colcon.colcon_core.shell:Creating package script '/home/mike/autonomous-fleet-testbed/install/nav_fleet/share/nav_fleet/package.bash'
[0.740s] INFO:colcon.colcon_core.shell:Creating package script '/home/mike/autonomous-fleet-testbed/install/nav_fleet/share/nav_fleet/package.zsh'
[0.741s] Level 1:colcon.colcon_core.environment:create_file_with_runtime_dependencies(/home/mike/autonomous-fleet-testbed/install/nav_fleet/share/colcon-core/packages/nav_fleet)
[0.741s] DEBUG:colcon.colcon_parallel_executor.executor.parallel:closing loop
[0.741s] DEBUG:colcon.colcon_parallel_executor.executor.parallel:loop closed
[0.741s] DEBUG:colcon.colcon_parallel_executor.executor.parallel:run_until_complete finished with '0'
[0.741s] DEBUG:colcon.colcon_core.event_reactor:joining thread
[0.743s] INFO:colcon.colcon_core.plugin_system:Skipping extension 'colcon_notification.desktop_notification.terminal_notifier': Not used on non-Darwin systems
[0.743s] INFO:colcon.colcon_core.plugin_system:Skipping extension 'colcon_notification.desktop_notification.win32': Not used on non-Windows systems
[0.743s] INFO:colcon.colcon_notification.desktop_notification:Sending desktop notification using 'notify2'
[0.752s] DEBUG:colcon.colcon_core.event_reactor:joined thread
[0.752s] INFO:colcon.colcon_core.shell:Creating prefix script '/home/mike/autonomous-fleet-testbed/install/local_setup.ps1'
[0.752s] INFO:colcon.colcon_core.shell:Creating prefix util module '/home/mike/autonomous-fleet-testbed/install/_local_setup_util_ps1.py'
[0.753s] INFO:colcon.colcon_core.shell:Creating prefix chain script '/home/mike/autonomous-fleet-testbed/install/setup.ps1'
[0.753s] INFO:colcon.colcon_core.shell:Creating prefix script '/home/mike/autonomous-fleet-testbed/install/local_setup.sh'
[0.753s] INFO:colcon.colcon_core.shell:Creating prefix util module '/home/mike/autonomous-fleet-testbed/install/_local_setup_util_sh.py'
[0.753s] INFO:colcon.colcon_core.shell:Creating prefix chain script '/home/mike/autonomous-fleet-testbed/install/setup.sh'
[0.754s] INFO:colcon.colcon_core.shell:Creating prefix script '/home/mike/autonomous-fleet-testbed/install/local_setup.bash'
[0.754s] INFO:colcon.colcon_core.shell:Creating prefix chain script '/home/mike/autonomous-fleet-testbed/install/setup.bash'
[0.754s] INFO:colcon.colcon_core.shell:Creating prefix script '/home/mike/autonomous-fleet-testbed/install/local_setup.zsh'
[0.754s] INFO:colcon.colcon_core.shell:Creating prefix chain script '/home/mike/autonomous-fleet-testbed/install/setup.zsh'
